
============================================================
  TAMPER-EVIDENT LOGGING SYSTEM ù Test Suite
============================================================

Traceback (most recent call last):
  File "C:\Users\Dayab\Documents\GitHub\megamind internship\Tamper-Evident-Logging-System\tests\test_all.py", line 258, in <module>
    test()
  File "C:\Users\Dayab\Documents\GitHub\megamind internship\Tamper-Evident-Logging-System\tests\test_all.py", line 47, in test_canonicalize_deterministic
    print("  \u2713 Canonicalization is deterministic (order-independent)")
  File "C:\Program Files\WindowsApps\PythonSoftwareFoundation.Python.3.12_3.12.2800.0_x64__qbz5n2kfra8p0\Lib\encodings\cp1252.py", line 19, in encode
    return codecs.charmap_encode(input,self.errors,encoding_table)[0]
           ^^^^^^^^^^^^^^^^^^^^^^^^^^^^^^^^^^^^^^^^^^^^^^^^^^^^^^^
UnicodeEncodeError: 'charmap' codec can't encode character '\u2713' in position 2: character maps to <undefined>

During handling of the above exception, another exception occurred:

Traceback (most recent call last):
  File "C:\Users\Dayab\Documents\GitHub\megamind internship\Tamper-Evident-Logging-System\tests\test_all.py", line 261, in <module>
    print(f"  \u2717 {test.__name__}: {e}")
  File "C:\Program Files\WindowsApps\PythonSoftwareFoundation.Python.3.12_3.12.2800.0_x64__qbz5n2kfra8p0\Lib\encodings\cp1252.py", line 19, in encode
    return codecs.charmap_encode(input,self.errors,encoding_table)[0]
           ^^^^^^^^^^^^^^^^^^^^^^^^^^^^^^^^^^^^^^^^^^^^^^^^^^^^^^^
UnicodeEncodeError: 'charmap' codec can't encode character '\u2717' in position 2: character maps to <undefined>
